Time     2.58 Epot  -153.375 Temp(K)   48.21 Dener         0.00 Salto    0 Error   0
Time     5.17 Epot  -156.062 Temp(K)   50.46 Dener         0.00 Salto    0 Error   0
Time     7.74 Epot  -153.312 Temp(K)   47.23 Dener         0.00 Salto    0 Error   0
Time    10.32 Epot  -154.062 Temp(K)   50.66 Dener         0.00 Salto    0 Error   0
Time    12.91 Epot  -155.015 Temp(K)   48.48 Dener    210567.22 Salto    1 Error   0
Time    16.53 Epot  -143.994 Temp(K)   45.63 Dener    210567.22 Salto    1 Error   0
Time    19.73 Epot  -146.995 Temp(K)   49.08 Dener    210567.22 Salto    1 Error   0
Time    22.84 Epot  -145.829 Temp(K)   47.84 Dener    210567.22 Salto    1 Error   0
Time    26.47 Epot  -149.321 Temp(K)   49.75 Dener    210567.22 Salto    1 Error   0
Time    30.19 Epot  -147.439 Temp(K)   50.57 Dener    210567.22 Salto    1 Error   0
Time    33.60 Epot  -142.941 Temp(K)   44.77 Dener    210567.22 Salto    1 Error   0
Time    37.33 Epot  -143.716 Temp(K)   46.49 Dener    341507.41 Salto    2 Error   0
Time    40.85 Epot  -144.495 Temp(K)   49.05 Dener    341507.41 Salto    2 Error   0
Time    43.74 Epot  -138.903 Temp(K)   48.70 Dener    341507.41 Salto    2 Error   0
Time    47.57 Epot  -141.942 Temp(K)   43.07 Dener    341507.41 Salto    2 Error   0
Time    50.55 Epot  -139.269 Temp(K)   48.74 Dener    341507.41 Salto    2 Error   0
Time    53.56 Epot  -137.968 Temp(K)   46.95 Dener    341507.41 Salto    2 Error   0
Time    58.12 Epot  -141.689 Temp(K)   51.16 Dener    341507.41 Salto    2 Error   0
Time    61.34 Epot  -137.495 Temp(K)   49.11 Dener    341507.41 Salto    2 Error   0
Time    64.86 Epot  -137.130 Temp(K)   46.35 Dener    341507.41 Salto    2 Error   0
Time    68.08 Epot  -135.320 Temp(K)   48.74 Dener    341507.41 Salto    2 Error   0
Time    71.80 Epot  -137.461 Temp(K)   51.00 Dener    341507.41 Salto    2 Error   0
Time    75.84 Epot  -137.358 Temp(K)   48.63 Dener    341507.41 Salto    2 Error   0
Time    79.27 Epot  -135.148 Temp(K)   49.32 Dener    435830.22 Salto    3 Error   0
Time    82.57 Epot  -134.720 Temp(K)   50.09 Dener    435830.22 Salto    3 Error   0
Time    86.20 Epot  -133.748 Temp(K)   46.88 Dener    435830.22 Salto    3 Error   0
Time    89.82 Epot  -133.438 Temp(K)   46.80 Dener    435830.22 Salto    3 Error   0
Time    93.81 Epot  -133.161 Temp(K)   46.13 Dener    435830.22 Salto    3 Error   0
Time    97.76 Epot  -135.796 Temp(K)   49.81 Dener    435830.22 Salto    3 Error   0
Time   101.47 Epot  -128.997 Temp(K)   47.27 Dener    522622.88 Salto    4 Error   0
Time   105.20 Epot  -128.210 Temp(K)   47.44 Dener    522622.88 Salto    4 Error   0
Time   108.62 Epot  -127.830 Temp(K)   44.96 Dener    522622.88 Salto    4 Error   0
Time   112.56 Epot  -131.557 Temp(K)   46.64 Dener    522622.88 Salto    4 Error   0
Time   115.76 Epot  -128.468 Temp(K)   48.50 Dener    594812.44 Salto    5 Error   0
Time   119.99 Epot  -126.757 Temp(K)   46.89 Dener    594812.44 Salto    5 Error   0
Time   123.83 Epot  -129.386 Temp(K)   48.86 Dener    594812.44 Salto    5 Error   0
Time   128.17 Epot  -131.405 Temp(K)   47.38 Dener    594812.44 Salto    5 Error   0
Time   131.49 Epot  -130.808 Temp(K)   47.45 Dener    594812.44 Salto    5 Error   0
Time   135.31 Epot  -134.845 Temp(K)   51.99 Dener    594812.44 Salto    5 Error   0
Time   139.24 Epot  -137.303 Temp(K)   48.53 Dener    594812.44 Salto    5 Error   0
Time   142.23 Epot  -131.698 Temp(K)   48.42 Dener    594812.44 Salto    5 Error   0
Time   146.80 Epot  -131.165 Temp(K)   49.79 Dener    594812.44 Salto    5 Error   0
Time   151.54 Epot  -128.009 Temp(K)   48.18 Dener    672543.44 Salto    6 Error   0
Time   155.58 Epot  -127.425 Temp(K)   46.51 Dener    672543.44 Salto    6 Error   0
Time   159.93 Epot  -127.178 Temp(K)   47.97 Dener    672543.44 Salto    6 Error   0
Time   164.27 Epot  -127.172 Temp(K)   50.09 Dener    672543.44 Salto    6 Error   0
Time   168.71 Epot  -129.669 Temp(K)   48.31 Dener    672543.44 Salto    6 Error   0
Time   172.95 Epot  -124.607 Temp(K)   49.47 Dener    747539.25 Salto    7 Error   0
Time   176.86 Epot  -119.042 Temp(K)   45.01 Dener    747539.25 Salto    7 Error   0
Time   182.23 Epot  -124.143 Temp(K)   47.03 Dener    747539.25 Salto    7 Error   0
Time   186.28 Epot  -123.459 Temp(K)   49.90 Dener    747539.25 Salto    7 Error   0
Time   191.04 Epot  -120.326 Temp(K)   48.77 Dener    747539.25 Salto    7 Error   0
Time   195.26 Epot  -118.152 Temp(K)   47.21 Dener    803445.94 Salto    8 Error   0
Time   200.10 Epot  -120.937 Temp(K)   48.23 Dener    803445.94 Salto    8 Error   0
Time   203.71 Epot  -121.136 Temp(K)   47.63 Dener    803445.94 Salto    8 Error   0
Time   208.68 Epot  -120.559 Temp(K)   48.45 Dener    803445.94 Salto    8 Error   0
Time   212.60 Epot  -119.177 Temp(K)   49.06 Dener    803445.94 Salto    8 Error   0
Time   217.25 Epot  -119.999 Temp(K)   48.19 Dener    847407.31 Salto    9 Error   0
Time   222.53 Epot  -120.570 Temp(K)   48.14 Dener    847407.31 Salto    9 Error   0
Time   229.25 Epot  -121.560 Temp(K)   47.85 Dener    847407.31 Salto    9 Error   0
Time   234.31 Epot  -121.535 Temp(K)   46.67 Dener    847407.31 Salto    9 Error   0
Time   239.69 Epot  -122.069 Temp(K)   49.73 Dener    847407.31 Salto    9 Error   0
Time   245.17 Epot  -118.772 Temp(K)   50.77 Dener    847407.31 Salto    9 Error   0
Time   249.20 Epot  -117.255 Temp(K)   49.36 Dener    885225.06 Salto   10 Error   0
Time   255.83 Epot  -119.764 Temp(K)   49.96 Dener    885225.06 Salto   10 Error   0
Time   260.55 Epot  -121.099 Temp(K)   49.97 Dener    885225.06 Salto   10 Error   0
Time   266.98 Epot  -121.303 Temp(K)   46.18 Dener    885225.06 Salto   10 Error   0
Time   271.95 Epot  -115.788 Temp(K)   45.72 Dener    885225.06 Salto   10 Error   0
Time   277.95 Epot  -122.201 Temp(K)   48.35 Dener    885225.06 Salto   10 Error   0
Time   287.78 Epot  -125.015 Temp(K)   50.19 Dener    885225.06 Salto   10 Error   0
Time   295.02 Epot  -123.511 Temp(K)   48.17 Dener    885225.06 Salto   10 Error   0
Time   302.88 Epot  -128.119 Temp(K)   47.66 Dener    885225.06 Salto   10 Error   0
Time   308.56 Epot  -128.912 Temp(K)   48.25 Dener    885225.06 Salto   10 Error   0
Time   315.58 Epot  -131.601 Temp(K)   47.41 Dener    885225.06 Salto   10 Error   0
Time   320.85 Epot  -133.238 Temp(K)   49.78 Dener    885225.06 Salto   10 Error   0
Time   325.81 Epot  -132.542 Temp(K)   49.18 Dener    885225.06 Salto   10 Error   0
Time   330.96 Epot  -131.363 Temp(K)   46.15 Dener    885225.06 Salto   10 Error   0
Time   335.09 Epot  -136.799 Temp(K)   46.58 Dener    885225.06 Salto   10 Error   0
Time   338.92 Epot  -134.444 Temp(K)   45.28 Dener    885225.06 Salto   10 Error   0
Time   344.27 Epot  -138.425 Temp(K)   48.73 Dener    885225.06 Salto   10 Error   0
Time   351.19 Epot  -140.537 Temp(K)   47.64 Dener    885225.06 Salto   10 Error   0
Time   354.81 Epot  -143.917 Temp(K)   51.21 Dener    885225.06 Salto   10 Error   0
Time   360.82 Epot  -143.546 Temp(K)   47.92 Dener    885225.06 Salto   10 Error   0
Time   364.76 Epot  -144.878 Temp(K)   48.96 Dener    885225.06 Salto   10 Error   0
Time   369.83 Epot  -141.800 Temp(K)   49.43 Dener    885225.06 Salto   10 Error   0
Time   375.01 Epot  -141.632 Temp(K)   49.93 Dener    902239.94 Salto   11 Error   0
Time   380.61 Epot  -141.008 Temp(K)   49.98 Dener    902239.94 Salto   11 Error   0
Time   385.48 Epot  -143.427 Temp(K)   50.15 Dener    902239.94 Salto   11 Error   0
Time   389.51 Epot  -143.467 Temp(K)   50.04 Dener    902239.94 Salto   11 Error   0
Time   394.70 Epot  -145.386 Temp(K)   47.22 Dener    902239.94 Salto   11 Error   0
Time   398.94 Epot  -149.382 Temp(K)   50.70 Dener    902239.94 Salto   11 Error   0
Time   403.39 Epot  -146.749 Temp(K)   47.78 Dener    902239.94 Salto   11 Error   0
Time   407.54 Epot  -143.383 Temp(K)   46.82 Dener    902239.94 Salto   11 Error   0
Time   413.13 Epot  -145.554 Temp(K)   45.18 Dener    913511.81 Salto   12 Error   0
Time   417.16 Epot  -145.270 Temp(K)   48.06 Dener    913511.81 Salto   12 Error   0
Time   421.10 Epot  -144.460 Temp(K)   44.99 Dener    913511.81 Salto   12 Error   0
Time   425.32 Epot  -148.322 Temp(K)   51.24 Dener    913511.81 Salto   12 Error   0
Time   429.05 Epot  -146.800 Temp(K)   48.34 Dener    913511.81 Salto   12 Error   0
Time   433.08 Epot  -145.095 Temp(K)   43.92 Dener    913511.81 Salto   12 Error   0
Time   437.24 Epot  -143.363 Temp(K)   45.31 Dener    924004.19 Salto   13 Error   0
