2025-01-24 13:33:38,329 [MainThread  ] [INFO ]  Module: biobb_analysis.gromacs.gmx_trjconv_str_ens Version: 5.0.1
2025-01-24 13:33:38,330 [MainThread  ] [INFO ]  /Users/gbayarri/projects/BioBB/biobb_workflows/biobb_wf_pmx_tutorial/tests/python/sandbox_0bbfdc1a-5970-462e-aff4-2b8acd21c432 directory successfully created
2025-01-24 13:33:38,332 [MainThread  ] [INFO ]  Copy: /Users/gbayarri/projects/BioBB/biobb_workflows/biobb_wf_pmx_tutorial/tests/python/pmx_tutorial/stateB_1ns.xtc to /Users/gbayarri/projects/BioBB/biobb_workflows/biobb_wf_pmx_tutorial/tests/python/sandbox_0bbfdc1a-5970-462e-aff4-2b8acd21c432
2025-01-24 13:33:38,332 [MainThread  ] [INFO ]  Copy: /Users/gbayarri/projects/BioBB/biobb_workflows/biobb_wf_pmx_tutorial/tests/python/pmx_tutorial/stateB.tpr to /Users/gbayarri/projects/BioBB/biobb_workflows/biobb_wf_pmx_tutorial/tests/python/sandbox_0bbfdc1a-5970-462e-aff4-2b8acd21c432
2025-01-24 13:33:38,332 [MainThread  ] [INFO ]  Copy: /Users/gbayarri/projects/BioBB/biobb_workflows/biobb_wf_pmx_tutorial/tests/python/f5b31ba1-f774-4dc8-bf2a-df290463515c.stdin to /Users/gbayarri/projects/BioBB/biobb_workflows/biobb_wf_pmx_tutorial/tests/python/sandbox_0bbfdc1a-5970-462e-aff4-2b8acd21c432
2025-01-24 13:33:38,332 [MainThread  ] [INFO ]  gmx trjconv -f /Users/gbayarri/projects/BioBB/biobb_workflows/biobb_wf_pmx_tutorial/tests/python/sandbox_0bbfdc1a-5970-462e-aff4-2b8acd21c432/stateB_1ns.xtc -s /Users/gbayarri/projects/BioBB/biobb_workflows/biobb_wf_pmx_tutorial/tests/python/sandbox_0bbfdc1a-5970-462e-aff4-2b8acd21c432/stateB.tpr -skip 2 -b 1 -dt 0 -sep -o /Users/gbayarri/projects/BioBB/biobb_workflows/biobb_wf_pmx_tutorial/tests/python/sandbox_0bbfdc1a-5970-462e-aff4-2b8acd21c432/frame.pdb -e 1000 < /Users/gbayarri/projects/BioBB/biobb_workflows/biobb_wf_pmx_tutorial/tests/python/sandbox_0bbfdc1a-5970-462e-aff4-2b8acd21c432/f5b31ba1-f774-4dc8-bf2a-df290463515c.stdin

2025-01-24 13:33:42,440 [MainThread  ] [INFO ]  Executing: gmx trjconv -f /Users/gbayarri/projects/BioBB/biobb_workflows/biobb_wf_pmx_tutor...
2025-01-24 13:33:42,440 [MainThread  ] [INFO ]  Exit code: 0
2025-01-24 13:33:42,440 [MainThread  ] [INFO ]  Note that major changes are planned in future for trjconv, to improve usability and utility.
Select group for output
Selected 0: 'System'

2025-01-24 13:33:42,546 [MainThread  ] [INFO ]  Adding:
2025-01-24 13:33:42,547 [MainThread  ] [INFO ]  [PosixPath('/Users/gbayarri/projects/BioBB/biobb_workflows/biobb_wf_pmx_tutorial/tests/python/sandbox_0bbfdc1a-5970-462e-aff4-2b8acd21c432/frame0.pdb'), PosixPath('/Users/gbayarri/projects/BioBB/biobb_workflows/biobb_wf_pmx_tutorial/tests/python/sandbox_0bbfdc1a-5970-462e-aff4-2b8acd21c432/frame1.pdb'), PosixPath('/Users/gbayarri/projects/BioBB/biobb_workflows/biobb_wf_pmx_tutorial/tests/python/sandbox_0bbfdc1a-5970-462e-aff4-2b8acd21c432/frame10.pdb'), PosixPath('/Users/gbayarri/projects/BioBB/biobb_workflows/biobb_wf_pmx_tutorial/tests/python/sandbox_0bbfdc1a-5970-462e-aff4-2b8acd21c432/frame11.pdb'), PosixPath('/Users/gbayarri/projects/BioBB/biobb_workflows/biobb_wf_pmx_tutorial/tests/python/sandbox_0bbfdc1a-5970-462e-aff4-2b8acd21c432/frame12.pdb'), PosixPath('/Users/gbayarri/projects/BioBB/biobb_workflows/biobb_wf_pmx_tutorial/tests/python/sandbox_0bbfdc1a-5970-462e-aff4-2b8acd21c432/frame13.pdb'), PosixPath('/Users/gbayarri/projects/BioBB/biobb_workflows/biobb_wf_pmx_tutorial/tests/python/sandbox_0bbfdc1a-5970-462e-aff4-2b8acd21c432/frame14.pdb'), PosixPath('/Users/gbayarri/projects/BioBB/biobb_workflows/biobb_wf_pmx_tutorial/tests/python/sandbox_0bbfdc1a-5970-462e-aff4-2b8acd21c432/frame15.pdb'), PosixPath('/Users/gbayarri/projects/BioBB/biobb_workflows/biobb_wf_pmx_tutorial/tests/python/sandbox_0bbfdc1a-5970-462e-aff4-2b8acd21c432/frame16.pdb'), PosixPath('/Users/gbayarri/projects/BioBB/biobb_workflows/biobb_wf_pmx_tutorial/tests/python/sandbox_0bbfdc1a-5970-462e-aff4-2b8acd21c432/frame17.pdb'), PosixPath('/Users/gbayarri/projects/BioBB/biobb_workflows/biobb_wf_pmx_tutorial/tests/python/sandbox_0bbfdc1a-5970-462e-aff4-2b8acd21c432/frame18.pdb'), PosixPath('/Users/gbayarri/projects/BioBB/biobb_workflows/biobb_wf_pmx_tutorial/tests/python/sandbox_0bbfdc1a-5970-462e-aff4-2b8acd21c432/frame19.pdb'), PosixPath('/Users/gbayarri/projects/BioBB/biobb_workflows/biobb_wf_pmx_tutorial/tests/python/sandbox_0bbfdc1a-5970-462e-aff4-2b8acd21c432/frame2.pdb'), PosixPath('/Users/gbayarri/projects/BioBB/biobb_workflows/biobb_wf_pmx_tutorial/tests/python/sandbox_0bbfdc1a-5970-462e-aff4-2b8acd21c432/frame20.pdb'), PosixPath('/Users/gbayarri/projects/BioBB/biobb_workflows/biobb_wf_pmx_tutorial/tests/python/sandbox_0bbfdc1a-5970-462e-aff4-2b8acd21c432/frame21.pdb'), PosixPath('/Users/gbayarri/projects/BioBB/biobb_workflows/biobb_wf_pmx_tutorial/tests/python/sandbox_0bbfdc1a-5970-462e-aff4-2b8acd21c432/frame22.pdb'), PosixPath('/Users/gbayarri/projects/BioBB/biobb_workflows/biobb_wf_pmx_tutorial/tests/python/sandbox_0bbfdc1a-5970-462e-aff4-2b8acd21c432/frame23.pdb'), PosixPath('/Users/gbayarri/projects/BioBB/biobb_workflows/biobb_wf_pmx_tutorial/tests/python/sandbox_0bbfdc1a-5970-462e-aff4-2b8acd21c432/frame24.pdb'), PosixPath('/Users/gbayarri/projects/BioBB/biobb_workflows/biobb_wf_pmx_tutorial/tests/python/sandbox_0bbfdc1a-5970-462e-aff4-2b8acd21c432/frame3.pdb'), PosixPath('/Users/gbayarri/projects/BioBB/biobb_workflows/biobb_wf_pmx_tutorial/tests/python/sandbox_0bbfdc1a-5970-462e-aff4-2b8acd21c432/frame4.pdb'), PosixPath('/Users/gbayarri/projects/BioBB/biobb_workflows/biobb_wf_pmx_tutorial/tests/python/sandbox_0bbfdc1a-5970-462e-aff4-2b8acd21c432/frame5.pdb'), PosixPath('/Users/gbayarri/projects/BioBB/biobb_workflows/biobb_wf_pmx_tutorial/tests/python/sandbox_0bbfdc1a-5970-462e-aff4-2b8acd21c432/frame6.pdb'), PosixPath('/Users/gbayarri/projects/BioBB/biobb_workflows/biobb_wf_pmx_tutorial/tests/python/sandbox_0bbfdc1a-5970-462e-aff4-2b8acd21c432/frame7.pdb'), PosixPath('/Users/gbayarri/projects/BioBB/biobb_workflows/biobb_wf_pmx_tutorial/tests/python/sandbox_0bbfdc1a-5970-462e-aff4-2b8acd21c432/frame8.pdb'), PosixPath('/Users/gbayarri/projects/BioBB/biobb_workflows/biobb_wf_pmx_tutorial/tests/python/sandbox_0bbfdc1a-5970-462e-aff4-2b8acd21c432/frame9.pdb')]
2025-01-24 13:33:42,547 [MainThread  ] [INFO ]  to: /Users/gbayarri/projects/BioBB/biobb_workflows/biobb_wf_pmx_tutorial/tests/python/sandbox_0bbfdc1a-5970-462e-aff4-2b8acd21c432/state_frames.zip
2025-01-24 13:33:42,567 [MainThread  ] [INFO ]  Removed: ['/Users/gbayarri/projects/BioBB/biobb_workflows/biobb_wf_pmx_tutorial/tests/python/sandbox_0bbfdc1a-5970-462e-aff4-2b8acd21c432', '/Users/gbayarri/projects/BioBB/biobb_workflows/biobb_wf_pmx_tutorial/tests/python/f5b31ba1-f774-4dc8-bf2a-df290463515c.stdin']
2025-01-24 13:33:42,568 [MainThread  ] [INFO ]  
